# npm audit report

esbuild  <=0.24.2
Severity: moderate
esbuild enables any website to send any requests to the development server and read the response - https://github.com/advisories/GHSA-67mh-4wv8-2f99
fix available via `npm audit fix --force`
Will install vitest@4.1.8, which is a breaking change
node_modules/esbuild
  vite  <=6.4.1
  Depends on vulnerable versions of esbuild
  node_modules/vite
    vite-node  <=2.2.0-beta.2
    Depends on vulnerable versions of vite
    node_modules/vite-node
      vitest  <=3.2.5
      Depends on vulnerable versions of vite
      Depends on vulnerable versions of vite-node
      node_modules/vitest



4 vulnerabilities (3 moderate, 1 critical)

To address all issues (including breaking changes), run:
  npm audit fix --force
